2026-05-06 13:47:56,882 - INFO - Save log to experiments/orthogonal_loss_exp/logs/FaceForensics++_ortho/effort_orthogonal_loss_exp_2026-05-06-13-47-56
2026-05-06 13:47:56,882 - INFO - --------------- Configuration ---------------
2026-05-06 13:47:56,882 - INFO - Parameters: 
mode: train
lmdb: False
dry_run: False
rgb_dir: ./datasets
lmdb_dir: ./datasets/lmdb
dataset_json_folder: ./preprocessing/dataset_json
SWA: False
save_avg: True
log_dir: experiments/orthogonal_loss_exp/logs/FaceForensics++_ortho
label_dict: {'DFD_fake': 1, 'DFD_real': 0, 'FF-SH': 1, 'FF-F2F': 1, 'FF-DF': 1, 'FF-FS': 1, 'FF-NT': 1, 'FF-FH': 1, 'FF-real': 0, 'CelebDFv1_real': 0, 'CelebDFv1_fake': 1, 'CelebDFv2_real': 0, 'CelebDFv2_fake': 1, 'DFDCP_Real': 0, 'DFDCP_FakeA': 1, 'DFDCP_FakeB': 1, 'DFDC_Fake': 1, 'DFDC_Real': 0, 'DF_fake': 1, 'DF_real': 0, 'UADFV_Fake': 1, 'UADFV_Real': 0, 'roop_Real': 0, 'roop_Fake': 1}
pretrained: no need to provide this for the effort model
model_name: effort_orthogonal_loss_exp
backbone_name: vit
backbone_config: {'mode': 'original', 'num_classes': 2, 'inc': 3, 'dropout': False}
all_dataset: ['FaceForensics++', 'FF-F2F', 'FF-DF', 'FF-FS', 'FF-NT', 'FaceShifter', 'DeepFakeDetection', 'Celeb-DF-v1', 'Celeb-DF-v2', 'DFDCP', 'DFDC', 'DeeperForensics-1.0', 'UADFV']
train_dataset: ['FaceForensics++']
test_dataset: ['FaceForensics++']
compression: c23
train_batchSize: 32
test_batchSize: 32
workers: 8
frame_num: {'train': 8, 'test': 8}
resolution: 224
with_mask: False
with_landmark: False
use_data_augmentation: True
data_aug: {'flip_prob': 0.5, 'rotate_prob': 0.5, 'rotate_limit': [-10, 10], 'blur_prob': 0.5, 'blur_limit': [3, 7], 'brightness_prob': 0.5, 'brightness_limit': [-0.1, 0.1], 'contrast_limit': [-0.1, 0.1], 'quality_lower': 40, 'quality_upper': 100}
mean: [0.48145466, 0.4578275, 0.40821073]
std: [0.26862954, 0.26130258, 0.27577711]
optimizer: {'type': 'adam', 'adam': {'lr': 0.0002, 'beta1': 0.9, 'beta2': 0.999, 'eps': 1e-08, 'weight_decay': 0.0005, 'amsgrad': False}, 'sgd': {'lr': 0.0002, 'momentum': 0.9, 'weight_decay': 0.0005}}
lr_scheduler: None
nEpochs: 10
start_epoch: 0
save_epoch: 1
rec_iter: 100
logdir: ./logs
manualSeed: 1024
save_ckpt: True
save_feat: True
loss_func: cross_entropy
losstype: None
metric_scoring: auc
ngpu: 1
cuda: True
cudnn: True
with_orthogonal_loss: True
local_rank: 0
ddp: False

2026-05-06 13:48:25,741 - INFO - ===> Epoch[0] start!
2026-05-06 13:48:25,752 - INFO - data_dict saved to experiments/orthogonal_loss_exp/logs/FaceForensics++_ortho/effort_orthogonal_loss_exp_2026-05-06-13-47-56/train/FaceForensics++/data_dict_train.pickle
2026-05-06 13:48:37,165 - INFO - Iter: 0    training-loss, overall: 154.02978515625    training-loss, real_loss: 2.1464507579803467    training-loss, fake_loss: 0.2702731192111969    
2026-05-06 13:48:37,187 - INFO - Iter: 0    training-metric, acc: 0.84375    training-metric, auc: 0.2232142857142857    training-metric, eer: 0.75    training-metric, ap: 0.811035606094132    
