========================================================
Starting Experiment with Config: experiments/orthogonal_loss_exp/faceforensicspp_ortho.yaml
========================================================
['in_channels', 'out_channels', 'kernel_size', 'stride', 'padding', 'dilation', 'groups', 'bias', 'padding_mode', 'device', 'dtype']
spatial_count=0 keep_stride_count=0
embeddings.class_embedding: False
embeddings.patch_embedding.weight: False
embeddings.position_embedding.weight: False
pre_layrnorm.weight: False
pre_layrnorm.bias: False
encoder.layers.0.self_attn.k_proj.weight_main: False
encoder.layers.0.self_attn.k_proj.bias: False
encoder.layers.0.self_attn.k_proj.S_residual: True
encoder.layers.0.self_attn.k_proj.U_residual: True
encoder.layers.0.self_attn.k_proj.V_residual: True
encoder.layers.0.self_attn.v_proj.weight_main: False
encoder.layers.0.self_attn.v_proj.bias: False
encoder.layers.0.self_attn.v_proj.S_residual: True
encoder.layers.0.self_attn.v_proj.U_residual: True
encoder.layers.0.self_attn.v_proj.V_residual: True
encoder.layers.0.self_attn.q_proj.weight_main: False
encoder.layers.0.self_attn.q_proj.bias: False
encoder.layers.0.self_attn.q_proj.S_residual: True
encoder.layers.0.self_attn.q_proj.U_residual: True
encoder.layers.0.self_attn.q_proj.V_residual: True
encoder.layers.0.self_attn.out_proj.weight_main: False
encoder.layers.0.self_attn.out_proj.bias: False
encoder.layers.0.self_attn.out_proj.S_residual: True
encoder.layers.0.self_attn.out_proj.U_residual: True
encoder.layers.0.self_attn.out_proj.V_residual: True
encoder.layers.0.layer_norm1.weight: False
encoder.layers.0.layer_norm1.bias: False
encoder.layers.0.mlp.fc1.weight: False
encoder.layers.0.mlp.fc1.bias: False
encoder.layers.0.mlp.fc2.weight: False
encoder.layers.0.mlp.fc2.bias: False
encoder.layers.0.layer_norm2.weight: False
encoder.layers.0.layer_norm2.bias: False
encoder.layers.1.self_attn.k_proj.weight_main: False
encoder.layers.1.self_attn.k_proj.bias: False
encoder.layers.1.self_attn.k_proj.S_residual: True
encoder.layers.1.self_attn.k_proj.U_residual: True
encoder.layers.1.self_attn.k_proj.V_residual: True
encoder.layers.1.self_attn.v_proj.weight_main: False
encoder.layers.1.self_attn.v_proj.bias: False
encoder.layers.1.self_attn.v_proj.S_residual: True
encoder.layers.1.self_attn.v_proj.U_residual: True
encoder.layers.1.self_attn.v_proj.V_residual: True
encoder.layers.1.self_attn.q_proj.weight_main: False
encoder.layers.1.self_attn.q_proj.bias: False
encoder.layers.1.self_attn.q_proj.S_residual: True
encoder.layers.1.self_attn.q_proj.U_residual: True
encoder.layers.1.self_attn.q_proj.V_residual: True
encoder.layers.1.self_attn.out_proj.weight_main: False
encoder.layers.1.self_attn.out_proj.bias: False
encoder.layers.1.self_attn.out_proj.S_residual: True
encoder.layers.1.self_attn.out_proj.U_residual: True
encoder.layers.1.self_attn.out_proj.V_residual: True
encoder.layers.1.layer_norm1.weight: False
encoder.layers.1.layer_norm1.bias: False
encoder.layers.1.mlp.fc1.weight: False
encoder.layers.1.mlp.fc1.bias: False
encoder.layers.1.mlp.fc2.weight: False
encoder.layers.1.mlp.fc2.bias: False
encoder.layers.1.layer_norm2.weight: False
encoder.layers.1.layer_norm2.bias: False
encoder.layers.2.self_attn.k_proj.weight_main: False
encoder.layers.2.self_attn.k_proj.bias: False
encoder.layers.2.self_attn.k_proj.S_residual: True
encoder.layers.2.self_attn.k_proj.U_residual: True
encoder.layers.2.self_attn.k_proj.V_residual: True
encoder.layers.2.self_attn.v_proj.weight_main: False
encoder.layers.2.self_attn.v_proj.bias: False
encoder.layers.2.self_attn.v_proj.S_residual: True
encoder.layers.2.self_attn.v_proj.U_residual: True
encoder.layers.2.self_attn.v_proj.V_residual: True
encoder.layers.2.self_attn.q_proj.weight_main: False
encoder.layers.2.self_attn.q_proj.bias: False
encoder.layers.2.self_attn.q_proj.S_residual: True
encoder.layers.2.self_attn.q_proj.U_residual: True
encoder.layers.2.self_attn.q_proj.V_residual: True
encoder.layers.2.self_attn.out_proj.weight_main: False
encoder.layers.2.self_attn.out_proj.bias: False
encoder.layers.2.self_attn.out_proj.S_residual: True
encoder.layers.2.self_attn.out_proj.U_residual: True
encoder.layers.2.self_attn.out_proj.V_residual: True
encoder.layers.2.layer_norm1.weight: False
encoder.layers.2.layer_norm1.bias: False
encoder.layers.2.mlp.fc1.weight: False
encoder.layers.2.mlp.fc1.bias: False
encoder.layers.2.mlp.fc2.weight: False
encoder.layers.2.mlp.fc2.bias: False
encoder.layers.2.layer_norm2.weight: False
encoder.layers.2.layer_norm2.bias: False
encoder.layers.3.self_attn.k_proj.weight_main: False
encoder.layers.3.self_attn.k_proj.bias: False
encoder.layers.3.self_attn.k_proj.S_residual: True
encoder.layers.3.self_attn.k_proj.U_residual: True
encoder.layers.3.self_attn.k_proj.V_residual: True
encoder.layers.3.self_attn.v_proj.weight_main: False
encoder.layers.3.self_attn.v_proj.bias: False
encoder.layers.3.self_attn.v_proj.S_residual: True
encoder.layers.3.self_attn.v_proj.U_residual: True
encoder.layers.3.self_attn.v_proj.V_residual: True
encoder.layers.3.self_attn.q_proj.weight_main: False
encoder.layers.3.self_attn.q_proj.bias: False
encoder.layers.3.self_attn.q_proj.S_residual: True
encoder.layers.3.self_attn.q_proj.U_residual: True
encoder.layers.3.self_attn.q_proj.V_residual: True
encoder.layers.3.self_attn.out_proj.weight_main: False
encoder.layers.3.self_attn.out_proj.bias: False
encoder.layers.3.self_attn.out_proj.S_residual: True
encoder.layers.3.self_attn.out_proj.U_residual: True
encoder.layers.3.self_attn.out_proj.V_residual: True
encoder.layers.3.layer_norm1.weight: False
encoder.layers.3.layer_norm1.bias: False
encoder.layers.3.mlp.fc1.weight: False
encoder.layers.3.mlp.fc1.bias: False
encoder.layers.3.mlp.fc2.weight: False
encoder.layers.3.mlp.fc2.bias: False
encoder.layers.3.layer_norm2.weight: False
encoder.layers.3.layer_norm2.bias: False
encoder.layers.4.self_attn.k_proj.weight_main: False
encoder.layers.4.self_attn.k_proj.bias: False
encoder.layers.4.self_attn.k_proj.S_residual: True
encoder.layers.4.self_attn.k_proj.U_residual: True
encoder.layers.4.self_attn.k_proj.V_residual: True
encoder.layers.4.self_attn.v_proj.weight_main: False
encoder.layers.4.self_attn.v_proj.bias: False
encoder.layers.4.self_attn.v_proj.S_residual: True
encoder.layers.4.self_attn.v_proj.U_residual: True
encoder.layers.4.self_attn.v_proj.V_residual: True
encoder.layers.4.self_attn.q_proj.weight_main: False
encoder.layers.4.self_attn.q_proj.bias: False
encoder.layers.4.self_attn.q_proj.S_residual: True
encoder.layers.4.self_attn.q_proj.U_residual: True
encoder.layers.4.self_attn.q_proj.V_residual: True
encoder.layers.4.self_attn.out_proj.weight_main: False
encoder.layers.4.self_attn.out_proj.bias: False
encoder.layers.4.self_attn.out_proj.S_residual: True
encoder.layers.4.self_attn.out_proj.U_residual: True
encoder.layers.4.self_attn.out_proj.V_residual: True
encoder.layers.4.layer_norm1.weight: False
encoder.layers.4.layer_norm1.bias: False
encoder.layers.4.mlp.fc1.weight: False
encoder.layers.4.mlp.fc1.bias: False
encoder.layers.4.mlp.fc2.weight: False
encoder.layers.4.mlp.fc2.bias: False
encoder.layers.4.layer_norm2.weight: False
encoder.layers.4.layer_norm2.bias: False
encoder.layers.5.self_attn.k_proj.weight_main: False
encoder.layers.5.self_attn.k_proj.bias: False
encoder.layers.5.self_attn.k_proj.S_residual: True
encoder.layers.5.self_attn.k_proj.U_residual: True
encoder.layers.5.self_attn.k_proj.V_residual: True
encoder.layers.5.self_attn.v_proj.weight_main: False
encoder.layers.5.self_attn.v_proj.bias: False
encoder.layers.5.self_attn.v_proj.S_residual: True
encoder.layers.5.self_attn.v_proj.U_residual: True
encoder.layers.5.self_attn.v_proj.V_residual: True
encoder.layers.5.self_attn.q_proj.weight_main: False
encoder.layers.5.self_attn.q_proj.bias: False
encoder.layers.5.self_attn.q_proj.S_residual: True
encoder.layers.5.self_attn.q_proj.U_residual: True
encoder.layers.5.self_attn.q_proj.V_residual: True
encoder.layers.5.self_attn.out_proj.weight_main: False
encoder.layers.5.self_attn.out_proj.bias: False
encoder.layers.5.self_attn.out_proj.S_residual: True
encoder.layers.5.self_attn.out_proj.U_residual: True
encoder.layers.5.self_attn.out_proj.V_residual: True
encoder.layers.5.layer_norm1.weight: False
encoder.layers.5.layer_norm1.bias: False
encoder.layers.5.mlp.fc1.weight: False
encoder.layers.5.mlp.fc1.bias: False
encoder.layers.5.mlp.fc2.weight: False
encoder.layers.5.mlp.fc2.bias: False
encoder.layers.5.layer_norm2.weight: False
encoder.layers.5.layer_norm2.bias: False
encoder.layers.6.self_attn.k_proj.weight_main: False
encoder.layers.6.self_attn.k_proj.bias: False
encoder.layers.6.self_attn.k_proj.S_residual: True
encoder.layers.6.self_attn.k_proj.U_residual: True
encoder.layers.6.self_attn.k_proj.V_residual: True
encoder.layers.6.self_attn.v_proj.weight_main: False
encoder.layers.6.self_attn.v_proj.bias: False
encoder.layers.6.self_attn.v_proj.S_residual: True
encoder.layers.6.self_attn.v_proj.U_residual: True
encoder.layers.6.self_attn.v_proj.V_residual: True
encoder.layers.6.self_attn.q_proj.weight_main: False
encoder.layers.6.self_attn.q_proj.bias: False
encoder.layers.6.self_attn.q_proj.S_residual: True
encoder.layers.6.self_attn.q_proj.U_residual: True
encoder.layers.6.self_attn.q_proj.V_residual: True
encoder.layers.6.self_attn.out_proj.weight_main: False
encoder.layers.6.self_attn.out_proj.bias: False
encoder.layers.6.self_attn.out_proj.S_residual: True
encoder.layers.6.self_attn.out_proj.U_residual: True
encoder.layers.6.self_attn.out_proj.V_residual: True
encoder.layers.6.layer_norm1.weight: False
encoder.layers.6.layer_norm1.bias: False
encoder.layers.6.mlp.fc1.weight: False
encoder.layers.6.mlp.fc1.bias: False
encoder.layers.6.mlp.fc2.weight: False
encoder.layers.6.mlp.fc2.bias: False
encoder.layers.6.layer_norm2.weight: False
encoder.layers.6.layer_norm2.bias: False
encoder.layers.7.self_attn.k_proj.weight_main: False
encoder.layers.7.self_attn.k_proj.bias: False
encoder.layers.7.self_attn.k_proj.S_residual: True
encoder.layers.7.self_attn.k_proj.U_residual: True
encoder.layers.7.self_attn.k_proj.V_residual: True
encoder.layers.7.self_attn.v_proj.weight_main: False
encoder.layers.7.self_attn.v_proj.bias: False
encoder.layers.7.self_attn.v_proj.S_residual: True
encoder.layers.7.self_attn.v_proj.U_residual: True
encoder.layers.7.self_attn.v_proj.V_residual: True
encoder.layers.7.self_attn.q_proj.weight_main: False
encoder.layers.7.self_attn.q_proj.bias: False
encoder.layers.7.self_attn.q_proj.S_residual: True
encoder.layers.7.self_attn.q_proj.U_residual: True
encoder.layers.7.self_attn.q_proj.V_residual: True
encoder.layers.7.self_attn.out_proj.weight_main: False
encoder.layers.7.self_attn.out_proj.bias: False
encoder.layers.7.self_attn.out_proj.S_residual: True
encoder.layers.7.self_attn.out_proj.U_residual: True
encoder.layers.7.self_attn.out_proj.V_residual: True
encoder.layers.7.layer_norm1.weight: False
encoder.layers.7.layer_norm1.bias: False
encoder.layers.7.mlp.fc1.weight: False
encoder.layers.7.mlp.fc1.bias: False
encoder.layers.7.mlp.fc2.weight: False
encoder.layers.7.mlp.fc2.bias: False
encoder.layers.7.layer_norm2.weight: False
encoder.layers.7.layer_norm2.bias: False
encoder.layers.8.self_attn.k_proj.weight_main: False
encoder.layers.8.self_attn.k_proj.bias: False
encoder.layers.8.self_attn.k_proj.S_residual: True
encoder.layers.8.self_attn.k_proj.U_residual: True
encoder.layers.8.self_attn.k_proj.V_residual: True
encoder.layers.8.self_attn.v_proj.weight_main: False
encoder.layers.8.self_attn.v_proj.bias: False
encoder.layers.8.self_attn.v_proj.S_residual: True
encoder.layers.8.self_attn.v_proj.U_residual: True
encoder.layers.8.self_attn.v_proj.V_residual: True
encoder.layers.8.self_attn.q_proj.weight_main: False
encoder.layers.8.self_attn.q_proj.bias: False
encoder.layers.8.self_attn.q_proj.S_residual: True
encoder.layers.8.self_attn.q_proj.U_residual: True
encoder.layers.8.self_attn.q_proj.V_residual: True
encoder.layers.8.self_attn.out_proj.weight_main: False
encoder.layers.8.self_attn.out_proj.bias: False
encoder.layers.8.self_attn.out_proj.S_residual: True
encoder.layers.8.self_attn.out_proj.U_residual: True
encoder.layers.8.self_attn.out_proj.V_residual: True
encoder.layers.8.layer_norm1.weight: False
encoder.layers.8.layer_norm1.bias: False
encoder.layers.8.mlp.fc1.weight: False
encoder.layers.8.mlp.fc1.bias: False
encoder.layers.8.mlp.fc2.weight: False
encoder.layers.8.mlp.fc2.bias: False
encoder.layers.8.layer_norm2.weight: False
encoder.layers.8.layer_norm2.bias: False
encoder.layers.9.self_attn.k_proj.weight_main: False
encoder.layers.9.self_attn.k_proj.bias: False
encoder.layers.9.self_attn.k_proj.S_residual: True
encoder.layers.9.self_attn.k_proj.U_residual: True
encoder.layers.9.self_attn.k_proj.V_residual: True
encoder.layers.9.self_attn.v_proj.weight_main: False
encoder.layers.9.self_attn.v_proj.bias: False
encoder.layers.9.self_attn.v_proj.S_residual: True
encoder.layers.9.self_attn.v_proj.U_residual: True
encoder.layers.9.self_attn.v_proj.V_residual: True
encoder.layers.9.self_attn.q_proj.weight_main: False
encoder.layers.9.self_attn.q_proj.bias: False
encoder.layers.9.self_attn.q_proj.S_residual: True
encoder.layers.9.self_attn.q_proj.U_residual: True
encoder.layers.9.self_attn.q_proj.V_residual: True
encoder.layers.9.self_attn.out_proj.weight_main: False
encoder.layers.9.self_attn.out_proj.bias: False
encoder.layers.9.self_attn.out_proj.S_residual: True
encoder.layers.9.self_attn.out_proj.U_residual: True
encoder.layers.9.self_attn.out_proj.V_residual: True
encoder.layers.9.layer_norm1.weight: False
encoder.layers.9.layer_norm1.bias: False
encoder.layers.9.mlp.fc1.weight: False
encoder.layers.9.mlp.fc1.bias: False
encoder.layers.9.mlp.fc2.weight: False
encoder.layers.9.mlp.fc2.bias: False
encoder.layers.9.layer_norm2.weight: False
encoder.layers.9.layer_norm2.bias: False
encoder.layers.10.self_attn.k_proj.weight_main: False
encoder.layers.10.self_attn.k_proj.bias: False
encoder.layers.10.self_attn.k_proj.S_residual: True
encoder.layers.10.self_attn.k_proj.U_residual: True
encoder.layers.10.self_attn.k_proj.V_residual: True
encoder.layers.10.self_attn.v_proj.weight_main: False
encoder.layers.10.self_attn.v_proj.bias: False
encoder.layers.10.self_attn.v_proj.S_residual: True
encoder.layers.10.self_attn.v_proj.U_residual: True
encoder.layers.10.self_attn.v_proj.V_residual: True
encoder.layers.10.self_attn.q_proj.weight_main: False
encoder.layers.10.self_attn.q_proj.bias: False
encoder.layers.10.self_attn.q_proj.S_residual: True
encoder.layers.10.self_attn.q_proj.U_residual: True
encoder.layers.10.self_attn.q_proj.V_residual: True
encoder.layers.10.self_attn.out_proj.weight_main: False
encoder.layers.10.self_attn.out_proj.bias: False
encoder.layers.10.self_attn.out_proj.S_residual: True
encoder.layers.10.self_attn.out_proj.U_residual: True
encoder.layers.10.self_attn.out_proj.V_residual: True
encoder.layers.10.layer_norm1.weight: False
encoder.layers.10.layer_norm1.bias: False
encoder.layers.10.mlp.fc1.weight: False
encoder.layers.10.mlp.fc1.bias: False
encoder.layers.10.mlp.fc2.weight: False
encoder.layers.10.mlp.fc2.bias: False
encoder.layers.10.layer_norm2.weight: False
encoder.layers.10.layer_norm2.bias: False
encoder.layers.11.self_attn.k_proj.weight_main: False
encoder.layers.11.self_attn.k_proj.bias: False
encoder.layers.11.self_attn.k_proj.S_residual: True
encoder.layers.11.self_attn.k_proj.U_residual: True
encoder.layers.11.self_attn.k_proj.V_residual: True
encoder.layers.11.self_attn.v_proj.weight_main: False
encoder.layers.11.self_attn.v_proj.bias: False
encoder.layers.11.self_attn.v_proj.S_residual: True
encoder.layers.11.self_attn.v_proj.U_residual: True
encoder.layers.11.self_attn.v_proj.V_residual: True
encoder.layers.11.self_attn.q_proj.weight_main: False
encoder.layers.11.self_attn.q_proj.bias: False
encoder.layers.11.self_attn.q_proj.S_residual: True
encoder.layers.11.self_attn.q_proj.U_residual: True
encoder.layers.11.self_attn.q_proj.V_residual: True
encoder.layers.11.self_attn.out_proj.weight_main: False
encoder.layers.11.self_attn.out_proj.bias: False
encoder.layers.11.self_attn.out_proj.S_residual: True
encoder.layers.11.self_attn.out_proj.U_residual: True
encoder.layers.11.self_attn.out_proj.V_residual: True
encoder.layers.11.layer_norm1.weight: False
encoder.layers.11.layer_norm1.bias: False
encoder.layers.11.mlp.fc1.weight: False
encoder.layers.11.mlp.fc1.bias: False
encoder.layers.11.mlp.fc2.weight: False
encoder.layers.11.mlp.fc2.bias: False
encoder.layers.11.layer_norm2.weight: False
encoder.layers.11.layer_norm2.bias: False
encoder.layers.12.self_attn.k_proj.weight_main: False
encoder.layers.12.self_attn.k_proj.bias: False
encoder.layers.12.self_attn.k_proj.S_residual: True
encoder.layers.12.self_attn.k_proj.U_residual: True
encoder.layers.12.self_attn.k_proj.V_residual: True
encoder.layers.12.self_attn.v_proj.weight_main: False
encoder.layers.12.self_attn.v_proj.bias: False
encoder.layers.12.self_attn.v_proj.S_residual: True
encoder.layers.12.self_attn.v_proj.U_residual: True
encoder.layers.12.self_attn.v_proj.V_residual: True
encoder.layers.12.self_attn.q_proj.weight_main: False
encoder.layers.12.self_attn.q_proj.bias: False
encoder.layers.12.self_attn.q_proj.S_residual: True
encoder.layers.12.self_attn.q_proj.U_residual: True
encoder.layers.12.self_attn.q_proj.V_residual: True
encoder.layers.12.self_attn.out_proj.weight_main: False
encoder.layers.12.self_attn.out_proj.bias: False
encoder.layers.12.self_attn.out_proj.S_residual: True
encoder.layers.12.self_attn.out_proj.U_residual: True
encoder.layers.12.self_attn.out_proj.V_residual: True
encoder.layers.12.layer_norm1.weight: False
encoder.layers.12.layer_norm1.bias: False
encoder.layers.12.mlp.fc1.weight: False
encoder.layers.12.mlp.fc1.bias: False
encoder.layers.12.mlp.fc2.weight: False
encoder.layers.12.mlp.fc2.bias: False
encoder.layers.12.layer_norm2.weight: False
encoder.layers.12.layer_norm2.bias: False
encoder.layers.13.self_attn.k_proj.weight_main: False
encoder.layers.13.self_attn.k_proj.bias: False
encoder.layers.13.self_attn.k_proj.S_residual: True
encoder.layers.13.self_attn.k_proj.U_residual: True
encoder.layers.13.self_attn.k_proj.V_residual: True
encoder.layers.13.self_attn.v_proj.weight_main: False
encoder.layers.13.self_attn.v_proj.bias: False
encoder.layers.13.self_attn.v_proj.S_residual: True
encoder.layers.13.self_attn.v_proj.U_residual: True
encoder.layers.13.self_attn.v_proj.V_residual: True
encoder.layers.13.self_attn.q_proj.weight_main: False
encoder.layers.13.self_attn.q_proj.bias: False
encoder.layers.13.self_attn.q_proj.S_residual: True
encoder.layers.13.self_attn.q_proj.U_residual: True
encoder.layers.13.self_attn.q_proj.V_residual: True
encoder.layers.13.self_attn.out_proj.weight_main: False
encoder.layers.13.self_attn.out_proj.bias: False
encoder.layers.13.self_attn.out_proj.S_residual: True
encoder.layers.13.self_attn.out_proj.U_residual: True
encoder.layers.13.self_attn.out_proj.V_residual: True
encoder.layers.13.layer_norm1.weight: False
encoder.layers.13.layer_norm1.bias: False
encoder.layers.13.mlp.fc1.weight: False
encoder.layers.13.mlp.fc1.bias: False
encoder.layers.13.mlp.fc2.weight: False
encoder.layers.13.mlp.fc2.bias: False
encoder.layers.13.layer_norm2.weight: False
encoder.layers.13.layer_norm2.bias: False
encoder.layers.14.self_attn.k_proj.weight_main: False
encoder.layers.14.self_attn.k_proj.bias: False
encoder.layers.14.self_attn.k_proj.S_residual: True
encoder.layers.14.self_attn.k_proj.U_residual: True
encoder.layers.14.self_attn.k_proj.V_residual: True
encoder.layers.14.self_attn.v_proj.weight_main: False
encoder.layers.14.self_attn.v_proj.bias: False
encoder.layers.14.self_attn.v_proj.S_residual: True
encoder.layers.14.self_attn.v_proj.U_residual: True
encoder.layers.14.self_attn.v_proj.V_residual: True
encoder.layers.14.self_attn.q_proj.weight_main: False
encoder.layers.14.self_attn.q_proj.bias: False
encoder.layers.14.self_attn.q_proj.S_residual: True
encoder.layers.14.self_attn.q_proj.U_residual: True
encoder.layers.14.self_attn.q_proj.V_residual: True
encoder.layers.14.self_attn.out_proj.weight_main: False
encoder.layers.14.self_attn.out_proj.bias: False
encoder.layers.14.self_attn.out_proj.S_residual: True
encoder.layers.14.self_attn.out_proj.U_residual: True
encoder.layers.14.self_attn.out_proj.V_residual: True
encoder.layers.14.layer_norm1.weight: False
encoder.layers.14.layer_norm1.bias: False
encoder.layers.14.mlp.fc1.weight: False
encoder.layers.14.mlp.fc1.bias: False
encoder.layers.14.mlp.fc2.weight: False
encoder.layers.14.mlp.fc2.bias: False
encoder.layers.14.layer_norm2.weight: False
encoder.layers.14.layer_norm2.bias: False
encoder.layers.15.self_attn.k_proj.weight_main: False
encoder.layers.15.self_attn.k_proj.bias: False
encoder.layers.15.self_attn.k_proj.S_residual: True
encoder.layers.15.self_attn.k_proj.U_residual: True
encoder.layers.15.self_attn.k_proj.V_residual: True
encoder.layers.15.self_attn.v_proj.weight_main: False
encoder.layers.15.self_attn.v_proj.bias: False
encoder.layers.15.self_attn.v_proj.S_residual: True
encoder.layers.15.self_attn.v_proj.U_residual: True
encoder.layers.15.self_attn.v_proj.V_residual: True
encoder.layers.15.self_attn.q_proj.weight_main: False
encoder.layers.15.self_attn.q_proj.bias: False
encoder.layers.15.self_attn.q_proj.S_residual: True
encoder.layers.15.self_attn.q_proj.U_residual: True
encoder.layers.15.self_attn.q_proj.V_residual: True
encoder.layers.15.self_attn.out_proj.weight_main: False
encoder.layers.15.self_attn.out_proj.bias: False
encoder.layers.15.self_attn.out_proj.S_residual: True
encoder.layers.15.self_attn.out_proj.U_residual: True
encoder.layers.15.self_attn.out_proj.V_residual: True
encoder.layers.15.layer_norm1.weight: False
encoder.layers.15.layer_norm1.bias: False
encoder.layers.15.mlp.fc1.weight: False
encoder.layers.15.mlp.fc1.bias: False
encoder.layers.15.mlp.fc2.weight: False
encoder.layers.15.mlp.fc2.bias: False
encoder.layers.15.layer_norm2.weight: False
encoder.layers.15.layer_norm2.bias: False
encoder.layers.16.self_attn.k_proj.weight_main: False
encoder.layers.16.self_attn.k_proj.bias: False
encoder.layers.16.self_attn.k_proj.S_residual: True
encoder.layers.16.self_attn.k_proj.U_residual: True
encoder.layers.16.self_attn.k_proj.V_residual: True
encoder.layers.16.self_attn.v_proj.weight_main: False
encoder.layers.16.self_attn.v_proj.bias: False
encoder.layers.16.self_attn.v_proj.S_residual: True
encoder.layers.16.self_attn.v_proj.U_residual: True
encoder.layers.16.self_attn.v_proj.V_residual: True
encoder.layers.16.self_attn.q_proj.weight_main: False
encoder.layers.16.self_attn.q_proj.bias: False
encoder.layers.16.self_attn.q_proj.S_residual: True
encoder.layers.16.self_attn.q_proj.U_residual: True
encoder.layers.16.self_attn.q_proj.V_residual: True
encoder.layers.16.self_attn.out_proj.weight_main: False
encoder.layers.16.self_attn.out_proj.bias: False
encoder.layers.16.self_attn.out_proj.S_residual: True
encoder.layers.16.self_attn.out_proj.U_residual: True
encoder.layers.16.self_attn.out_proj.V_residual: True
encoder.layers.16.layer_norm1.weight: False
encoder.layers.16.layer_norm1.bias: False
encoder.layers.16.mlp.fc1.weight: False
encoder.layers.16.mlp.fc1.bias: False
encoder.layers.16.mlp.fc2.weight: False
encoder.layers.16.mlp.fc2.bias: False
encoder.layers.16.layer_norm2.weight: False
encoder.layers.16.layer_norm2.bias: False
encoder.layers.17.self_attn.k_proj.weight_main: False
encoder.layers.17.self_attn.k_proj.bias: False
encoder.layers.17.self_attn.k_proj.S_residual: True
encoder.layers.17.self_attn.k_proj.U_residual: True
encoder.layers.17.self_attn.k_proj.V_residual: True
encoder.layers.17.self_attn.v_proj.weight_main: False
encoder.layers.17.self_attn.v_proj.bias: False
encoder.layers.17.self_attn.v_proj.S_residual: True
encoder.layers.17.self_attn.v_proj.U_residual: True
encoder.layers.17.self_attn.v_proj.V_residual: True
encoder.layers.17.self_attn.q_proj.weight_main: False
encoder.layers.17.self_attn.q_proj.bias: False
encoder.layers.17.self_attn.q_proj.S_residual: True
encoder.layers.17.self_attn.q_proj.U_residual: True
encoder.layers.17.self_attn.q_proj.V_residual: True
encoder.layers.17.self_attn.out_proj.weight_main: False
encoder.layers.17.self_attn.out_proj.bias: False
encoder.layers.17.self_attn.out_proj.S_residual: True
encoder.layers.17.self_attn.out_proj.U_residual: True
encoder.layers.17.self_attn.out_proj.V_residual: True
encoder.layers.17.layer_norm1.weight: False
encoder.layers.17.layer_norm1.bias: False
encoder.layers.17.mlp.fc1.weight: False
encoder.layers.17.mlp.fc1.bias: False
encoder.layers.17.mlp.fc2.weight: False
encoder.layers.17.mlp.fc2.bias: False
encoder.layers.17.layer_norm2.weight: False
encoder.layers.17.layer_norm2.bias: False
encoder.layers.18.self_attn.k_proj.weight_main: False
encoder.layers.18.self_attn.k_proj.bias: False
encoder.layers.18.self_attn.k_proj.S_residual: True
encoder.layers.18.self_attn.k_proj.U_residual: True
encoder.layers.18.self_attn.k_proj.V_residual: True
encoder.layers.18.self_attn.v_proj.weight_main: False
encoder.layers.18.self_attn.v_proj.bias: False
encoder.layers.18.self_attn.v_proj.S_residual: True
encoder.layers.18.self_attn.v_proj.U_residual: True
encoder.layers.18.self_attn.v_proj.V_residual: True
encoder.layers.18.self_attn.q_proj.weight_main: False
encoder.layers.18.self_attn.q_proj.bias: False
encoder.layers.18.self_attn.q_proj.S_residual: True
encoder.layers.18.self_attn.q_proj.U_residual: True
encoder.layers.18.self_attn.q_proj.V_residual: True
encoder.layers.18.self_attn.out_proj.weight_main: False
encoder.layers.18.self_attn.out_proj.bias: False
encoder.layers.18.self_attn.out_proj.S_residual: True
encoder.layers.18.self_attn.out_proj.U_residual: True
encoder.layers.18.self_attn.out_proj.V_residual: True
encoder.layers.18.layer_norm1.weight: False
encoder.layers.18.layer_norm1.bias: False
encoder.layers.18.mlp.fc1.weight: False
encoder.layers.18.mlp.fc1.bias: False
encoder.layers.18.mlp.fc2.weight: False
encoder.layers.18.mlp.fc2.bias: False
encoder.layers.18.layer_norm2.weight: False
encoder.layers.18.layer_norm2.bias: False
encoder.layers.19.self_attn.k_proj.weight_main: False
encoder.layers.19.self_attn.k_proj.bias: False
encoder.layers.19.self_attn.k_proj.S_residual: True
encoder.layers.19.self_attn.k_proj.U_residual: True
encoder.layers.19.self_attn.k_proj.V_residual: True
encoder.layers.19.self_attn.v_proj.weight_main: False
encoder.layers.19.self_attn.v_proj.bias: False
encoder.layers.19.self_attn.v_proj.S_residual: True
encoder.layers.19.self_attn.v_proj.U_residual: True
encoder.layers.19.self_attn.v_proj.V_residual: True
encoder.layers.19.self_attn.q_proj.weight_main: False
encoder.layers.19.self_attn.q_proj.bias: False
encoder.layers.19.self_attn.q_proj.S_residual: True
encoder.layers.19.self_attn.q_proj.U_residual: True
encoder.layers.19.self_attn.q_proj.V_residual: True
encoder.layers.19.self_attn.out_proj.weight_main: False
encoder.layers.19.self_attn.out_proj.bias: False
encoder.layers.19.self_attn.out_proj.S_residual: True
encoder.layers.19.self_attn.out_proj.U_residual: True
encoder.layers.19.self_attn.out_proj.V_residual: True
encoder.layers.19.layer_norm1.weight: False
encoder.layers.19.layer_norm1.bias: False
encoder.layers.19.mlp.fc1.weight: False
encoder.layers.19.mlp.fc1.bias: False
encoder.layers.19.mlp.fc2.weight: False
encoder.layers.19.mlp.fc2.bias: False
encoder.layers.19.layer_norm2.weight: False
encoder.layers.19.layer_norm2.bias: False
encoder.layers.20.self_attn.k_proj.weight_main: False
encoder.layers.20.self_attn.k_proj.bias: False
encoder.layers.20.self_attn.k_proj.S_residual: True
encoder.layers.20.self_attn.k_proj.U_residual: True
encoder.layers.20.self_attn.k_proj.V_residual: True
encoder.layers.20.self_attn.v_proj.weight_main: False
encoder.layers.20.self_attn.v_proj.bias: False
encoder.layers.20.self_attn.v_proj.S_residual: True
encoder.layers.20.self_attn.v_proj.U_residual: True
encoder.layers.20.self_attn.v_proj.V_residual: True
encoder.layers.20.self_attn.q_proj.weight_main: False
encoder.layers.20.self_attn.q_proj.bias: False
encoder.layers.20.self_attn.q_proj.S_residual: True
encoder.layers.20.self_attn.q_proj.U_residual: True
encoder.layers.20.self_attn.q_proj.V_residual: True
encoder.layers.20.self_attn.out_proj.weight_main: False
encoder.layers.20.self_attn.out_proj.bias: False
encoder.layers.20.self_attn.out_proj.S_residual: True
encoder.layers.20.self_attn.out_proj.U_residual: True
encoder.layers.20.self_attn.out_proj.V_residual: True
encoder.layers.20.layer_norm1.weight: False
encoder.layers.20.layer_norm1.bias: False
encoder.layers.20.mlp.fc1.weight: False
encoder.layers.20.mlp.fc1.bias: False
encoder.layers.20.mlp.fc2.weight: False
encoder.layers.20.mlp.fc2.bias: False
encoder.layers.20.layer_norm2.weight: False
encoder.layers.20.layer_norm2.bias: False
encoder.layers.21.self_attn.k_proj.weight_main: False
encoder.layers.21.self_attn.k_proj.bias: False
encoder.layers.21.self_attn.k_proj.S_residual: True
encoder.layers.21.self_attn.k_proj.U_residual: True
encoder.layers.21.self_attn.k_proj.V_residual: True
encoder.layers.21.self_attn.v_proj.weight_main: False
encoder.layers.21.self_attn.v_proj.bias: False
encoder.layers.21.self_attn.v_proj.S_residual: True
encoder.layers.21.self_attn.v_proj.U_residual: True
encoder.layers.21.self_attn.v_proj.V_residual: True
encoder.layers.21.self_attn.q_proj.weight_main: False
encoder.layers.21.self_attn.q_proj.bias: False
encoder.layers.21.self_attn.q_proj.S_residual: True
encoder.layers.21.self_attn.q_proj.U_residual: True
encoder.layers.21.self_attn.q_proj.V_residual: True
encoder.layers.21.self_attn.out_proj.weight_main: False
encoder.layers.21.self_attn.out_proj.bias: False
encoder.layers.21.self_attn.out_proj.S_residual: True
encoder.layers.21.self_attn.out_proj.U_residual: True
encoder.layers.21.self_attn.out_proj.V_residual: True
encoder.layers.21.layer_norm1.weight: False
encoder.layers.21.layer_norm1.bias: False
encoder.layers.21.mlp.fc1.weight: False
encoder.layers.21.mlp.fc1.bias: False
encoder.layers.21.mlp.fc2.weight: False
encoder.layers.21.mlp.fc2.bias: False
encoder.layers.21.layer_norm2.weight: False
encoder.layers.21.layer_norm2.bias: False
encoder.layers.22.self_attn.k_proj.weight_main: False
encoder.layers.22.self_attn.k_proj.bias: False
encoder.layers.22.self_attn.k_proj.S_residual: True
encoder.layers.22.self_attn.k_proj.U_residual: True
encoder.layers.22.self_attn.k_proj.V_residual: True
encoder.layers.22.self_attn.v_proj.weight_main: False
encoder.layers.22.self_attn.v_proj.bias: False
encoder.layers.22.self_attn.v_proj.S_residual: True
encoder.layers.22.self_attn.v_proj.U_residual: True
encoder.layers.22.self_attn.v_proj.V_residual: True
encoder.layers.22.self_attn.q_proj.weight_main: False
encoder.layers.22.self_attn.q_proj.bias: False
encoder.layers.22.self_attn.q_proj.S_residual: True
encoder.layers.22.self_attn.q_proj.U_residual: True
encoder.layers.22.self_attn.q_proj.V_residual: True
encoder.layers.22.self_attn.out_proj.weight_main: False
encoder.layers.22.self_attn.out_proj.bias: False
encoder.layers.22.self_attn.out_proj.S_residual: True
encoder.layers.22.self_attn.out_proj.U_residual: True
encoder.layers.22.self_attn.out_proj.V_residual: True
encoder.layers.22.layer_norm1.weight: False
encoder.layers.22.layer_norm1.bias: False
encoder.layers.22.mlp.fc1.weight: False
encoder.layers.22.mlp.fc1.bias: False
encoder.layers.22.mlp.fc2.weight: False
encoder.layers.22.mlp.fc2.bias: False
encoder.layers.22.layer_norm2.weight: False
encoder.layers.22.layer_norm2.bias: False
encoder.layers.23.self_attn.k_proj.weight_main: False
encoder.layers.23.self_attn.k_proj.bias: False
encoder.layers.23.self_attn.k_proj.S_residual: True
encoder.layers.23.self_attn.k_proj.U_residual: True
encoder.layers.23.self_attn.k_proj.V_residual: True
encoder.layers.23.self_attn.v_proj.weight_main: False
encoder.layers.23.self_attn.v_proj.bias: False
encoder.layers.23.self_attn.v_proj.S_residual: True
encoder.layers.23.self_attn.v_proj.U_residual: True
encoder.layers.23.self_attn.v_proj.V_residual: True
encoder.layers.23.self_attn.q_proj.weight_main: False
encoder.layers.23.self_attn.q_proj.bias: False
encoder.layers.23.self_attn.q_proj.S_residual: True
encoder.layers.23.self_attn.q_proj.U_residual: True
encoder.layers.23.self_attn.q_proj.V_residual: True
encoder.layers.23.self_attn.out_proj.weight_main: False
encoder.layers.23.self_attn.out_proj.bias: False
encoder.layers.23.self_attn.out_proj.S_residual: True
encoder.layers.23.self_attn.out_proj.U_residual: True
encoder.layers.23.self_attn.out_proj.V_residual: True
encoder.layers.23.layer_norm1.weight: False
encoder.layers.23.layer_norm1.bias: False
encoder.layers.23.mlp.fc1.weight: False
encoder.layers.23.mlp.fc1.bias: False
encoder.layers.23.mlp.fc2.weight: False
encoder.layers.23.mlp.fc2.bias: False
encoder.layers.23.layer_norm2.weight: False
encoder.layers.23.layer_norm2.bias: False
post_layernorm.weight: False
post_layernorm.bias: False
Number of total parameters: 303376480, tunable parameters: 196704
